// Vitest Snapshot v1, https://vitest.dev/guide/snapshot.html

exports[`check-in page: typed code > shows the earned stamp and moves the focus to the title for a valid visit code 1`] = `"Carimbo ganho. Falta só 1 carimbo! Barbearia Navalha: 9 de 10. Falta 1 carimbo para Corte grátis.Carimbo ganho+1 carimbo no seu cartão.Falta só 1 carimbo!Barbearia NavalhaCentro09/10Barbearia Navalha: 9 de 10. Falta 1 carimbo para Corte grátis.1carimbo para ganharCorte grátisPróxima visita que rende aqui: hoje às 16:00.Ver carteira"`;

exports[`check-in page: typed code > switches to the shop code and joins the club, then shows the joined screen with the focus on its title 1`] = `"Você entrou no clube. Padaria Pão da Hora já está na sua carteira.Você entrou no clubePadaria Pão da Hora já está na sua carteira.Padaria Pão da HoraCentro00/10010203040506070809Padaria Pão da Hora: 0 de 10. Faltam 10 carimbos para Pão de queijo grande.10carimbos para ganharPão de queijo grandeSeus 2 carimbos de boas-vindas entram na primeira compra.Na hora de pagar, peça o QR da visita no caixa.Ver na carteira"`;
