// Vitest Snapshot v1, https://vitest.dev/guide/snapshot.html

exports[`counter page: redemption > validates a correct code, shows the masked phone and delivers the reward 1`] = `"Balcãoquinta-feira, 1 de outubroQR da visitaGere na hora da venda e mostre ao cliente. Vale 5 min e uma vez só.Gerar QR da visitaValidar resgatePeça o código de 6 letras e números que aparece no app do cliente.Código do clienteCódigo válidoPizza médiaCliente (67) 9••••-0001 · vale até 12:10Entregar prêmioCancelarCaderneta de hojeNenhum lançamento hojeNenhum lançamento hoje. O primeiro carimbo do dia aparece aqui."`;

exports[`counter page: the visit QR > shows the empty counter on mount, with no phone field and the issue button focused (CA-24) 1`] = `"Balcãoquinta-feira, 1 de outubroQR da visitaGere na hora da venda e mostre ao cliente. Vale 5 min e uma vez só.Gerar QR da visitaValidar resgatePeça o código de 6 letras e números que aparece no app do cliente.Código do clienteCaderneta de hoje3 lançamentos hoje11:00(67) 9••••-0003+1 carimbo10:00(67) 9••••-0004Cliente novo+1 carimbo09:00(67) 9••••-0003+1 carimbo"`;
