// Vitest Snapshot v1, https://vitest.dev/guide/snapshot.html

exports[`counter page: launching a visit > launches a visit for an existing customer typed in the phone field 1`] = `"Balcãoquinta-feira, 1 de outubroLançar visitaCelular do cliente(__) _____-____Digite pelo teclado ou toque nas teclas. Enter lança, Esc limpa.123456789Limpar0Dar 1 carimbo+1 carimbo para (67) 9••••-0002Agora tem 5 de 10. Faltam 5 carimbos para Corte grátis.06070809Validar resgatePeça o código de 6 letras e números que aparece no app do cliente.Código do clienteCaderneta de hoje4 lançamentos hoje12:00(67) 9••••-0002+1 carimbo11:00(67) 9••••-0003+1 carimbo10:00(67) 9••••-0004Cliente novo+1 carimbo09:00(67) 9••••-0003+1 carimbo"`;

exports[`counter page: launching a visit > shows the empty counter on mount 1`] = `"Balcãoquinta-feira, 1 de outubroLançar visitaCelular do cliente(__) _____-____Digite pelo teclado ou toque nas teclas. Enter lança, Esc limpa.123456789Limpar0Dar 1 carimboValidar resgatePeça o código de 6 letras e números que aparece no app do cliente.Código do clienteCaderneta de hoje3 lançamentos hoje11:00(67) 9••••-0003+1 carimbo10:00(67) 9••••-0004Cliente novo+1 carimbo09:00(67) 9••••-0003+1 carimbo"`;

exports[`counter page: redemption > validates a correct code, shows the masked phone and delivers the reward 1`] = `"Balcãoquinta-feira, 1 de outubroLançar visitaCelular do cliente(__) _____-____Digite pelo teclado ou toque nas teclas. Enter lança, Esc limpa.123456789Limpar0Dar 1 carimboValidar resgatePeça o código de 6 letras e números que aparece no app do cliente.Código do clienteCódigo válidoPizza médiaCliente (67) 9••••-0001 · vale até 12:10Entregar prêmioCancelarCaderneta de hojeNenhum lançamento hojeNenhum lançamento hoje. O primeiro carimbo do dia aparece aqui."`;
